// Jest Snapshot v1, https://goo.gl/fbAQLP

exports[`ChartLegendTooltipContent 1`] = `
<div>
  <g>
    <rect
      height="0"
      role="presentation"
      shape-rendering="auto"
      style="fill: none;"
      vector-effect="non-scaling-stroke"
      width="0"
      x="NaN"
      y="NaN"
    />
  </g>
</div>
`;

exports[`ChartLegendTooltipContent 2`] = `
<div>
  <g>
    <rect
      height="0"
      role="presentation"
      shape-rendering="auto"
      style="fill: none;"
      vector-effect="non-scaling-stroke"
      width="0"
      x="NaN"
      y="NaN"
    />
  </g>
</div>
`;

exports[`renders component text 1`] = `
<div>
  <g>
    <rect
      height="0"
      role="presentation"
      shape-rendering="auto"
      style="fill: none;"
      vector-effect="non-scaling-stroke"
      width="0"
      x="NaN"
      y="NaN"
    />
  </g>
</div>
`;
