// Jest Snapshot v1, https://goo.gl/fbAQLP

exports[`computes variable value 1`] = `Object {}`;

exports[`it generates token from class selector with value 1`] = `Object {}`;

exports[`it generates token from root selector with value 1`] = `Object {}`;

exports[`keeps variable reference if computing fails 1`] = `Object {}`;
