// Jest Snapshot v1, https://goo.gl/fbAQLP

exports[`PageHeaderTools should match snapshot (auto-generated) 1`] = `
<DocumentFragment>
  <div
    class="pf-v5-c-page__header-tools string"
  >
    <div>
      ReactNode
    </div>
  </div>
</DocumentFragment>
`;
