// Jest Snapshot v1, https://goo.gl/fbAQLP

exports[`Renders to match snapshot 1`] = `
<DocumentFragment>
  <dt
    class="pf-v5-c-description-list__term"
  >
    <span
      class="pf-v5-c-description-list__text"
    >
      test
    </span>
  </dt>
</DocumentFragment>
`;
