// Jest Snapshot v1, https://goo.gl/fbAQLP

exports[`OptionsMenuItemGroup should match snapshot (auto-generated) 1`] = `
<section
  ariaLabel="''"
  className="pf-c-options-menu__group"
>
  <ul
    aria-label=""
    className="''"
  >
    ReactNode
  </ul>
</section>
`;
