// Jest Snapshot v1, https://goo.gl/fbAQLP

exports[`KebabToggle should match snapshot (auto-generated) 1`] = `
<DocumentFragment>
  <button
    aria-expanded="false"
    aria-label="'Actions'"
    class="pf-v5-c-dropdown__toggle ''"
    id="''"
    type="button"
  >
    <svg
      aria-hidden="true"
      class="pf-v5-svg"
      fill="currentColor"
      height="1em"
      role="img"
      viewBox="0 0 192 512"
      width="1em"
    >
      <path
        d="M96 184c39.8 0 72 32.2 72 72s-32.2 72-72 72-72-32.2-72-72 32.2-72 72-72zM24 80c0 39.8 32.2 72 72 72s72-32.2 72-72S135.8 8 96 8 24 40.2 24 80zm0 352c0 39.8 32.2 72 72 72s72-32.2 72-72-32.2-72-72-72-72 32.2-72 72z"
      />
    </svg>
  </button>
</DocumentFragment>
`;
