// Jest Snapshot v1, https://goo.gl/fbAQLP

exports[`AboutModalBoxHero should match snapshot (auto-generated) 1`] = `
<div
  className="pf-c-about-modal-box__hero string"
  style={
    Object {
      "--pf-c-about-modal-box__hero--sm--BackgroundImage": "url(string)",
    }
  }
/>
`;
