// Jest Snapshot v1, https://goo.gl/fbAQLP

exports[`PageHeaderTools should match snapshot (auto-generated) 1`] = `
<div
  className="pf-c-page__header-tools string"
>
  <div>
    ReactNode
  </div>
</div>
`;
