// Jest Snapshot v1, https://goo.gl/fbAQLP

exports[`Check page vertical layout example against snapshot 1`] = `
.pf-l-page__header-brand-link {
  display: none;
  align-items: center;
  min-height: 2.5rem;
}
.pf-l-page__header-brand {
  display: block;
  padding-left: 1rem;
}
.pf-l-page__header-tools {
  display: block;
  align-items: center;
  margin-right: 1rem;
  margin-left: auto;
}
.pf-l-page__header.pf-m-tall {
  display: flex;
  grid-area: header;
  z-index: 300;
  flex-wrap: wrap;
  align-items: flex-end;
  max-width: 100%;
  min-height: 6.875rem;
}

<PageHeader
  avatar=" | Avatar"
  className=""
  isTall={true}
  logo="Logo"
  logoProps={null}
  onNavToggle={[Function]}
  showNavToggle={false}
  toolbar="Toolbar"
  topNav={null}
>
  <Consumer>
    <header
      className="pf-l-page__header pf-m-tall"
      role="banner"
    >
      <div
        className="pf-l-page__header-brand"
      >
        <a
          className="pf-l-page__header-brand-link"
        >
          Logo
        </a>
      </div>
      <div
        className="pf-l-page__header-tools"
      >
        Toolbar
         | Avatar
      </div>
    </header>
  </Consumer>
</PageHeader>
`;
