// Jest Snapshot v1, https://goo.gl/fbAQLP

exports[`LoginFooterItem should match snapshot (auto-generated) 1`] = `
<Fragment>
  ReactNode
</Fragment>
`;
