// Jest Snapshot v1, https://goo.gl/fbAQLP

exports[`Chip closable 1`] = `
<Component
  className="my-chp-cls"
  id="chip_one"
>
  <ComponentWithOuia
    component={[Function]}
    componentProps={
      Object {
        "children": "Chip",
        "className": "my-chp-cls",
        "id": "chip_one",
      }
    }
    consumerContext={null}
  >
    <Chip
      className="my-chp-cls"
      closeBtnAriaLabel="close"
      component="div"
      id="chip_one"
      isOverflowChip={false}
      isReadOnly={false}
      onClick={[Function]}
      ouiaContext={
        Object {
          "isOuia": false,
          "ouiaId": null,
        }
      }
      tooltipPosition="top"
    >
      <GenerateId
        prefix="pf-random-id-"
      >
        <div
          className="pf-c-chip my-chp-cls"
        >
          <span
            className="pf-c-chip__text"
            id="pf-random-id-1"
          >
            Chip
          </span>
          <Component
            aria-labelledby="remove_pf-random-id-1 pf-random-id-1"
            ariaLabel="close"
            id="remove_pf-random-id-1"
            onClick={[Function]}
          >
            <Component
              aria-label="close"
              aria-labelledby="remove_pf-random-id-1 pf-random-id-1"
              className=""
              id="remove_pf-random-id-1"
              onClick={[Function]}
              variant="plain"
            >
              <ComponentWithOuia
                component={[Function]}
                componentProps={
                  Object {
                    "aria-label": "close",
                    "aria-labelledby": "remove_pf-random-id-1 pf-random-id-1",
                    "children": <TimesCircleIcon
                      aria-hidden="true"
                      color="currentColor"
                      noVerticalAlign={false}
                      size="sm"
                      title={null}
                    />,
                    "className": "",
                    "id": "remove_pf-random-id-1",
                    "onClick": [Function],
                    "variant": "plain",
                  }
                }
                consumerContext={
                  Object {
                    "isOuia": false,
                    "ouiaId": null,
                  }
                }
              >
                <Button
                  aria-label="close"
                  aria-labelledby="remove_pf-random-id-1 pf-random-id-1"
                  className=""
                  id="remove_pf-random-id-1"
                  onClick={[Function]}
                  ouiaContext={
                    Object {
                      "isOuia": false,
                      "ouiaId": null,
                    }
                  }
                  variant="plain"
                >
                  <button
                    aria-disabled={null}
                    aria-label="close"
                    aria-labelledby="remove_pf-random-id-1 pf-random-id-1"
                    className="pf-c-button pf-m-plain"
                    disabled={false}
                    id="remove_pf-random-id-1"
                    onClick={[Function]}
                    tabIndex={null}
                    type="button"
                  >
                    <TimesCircleIcon
                      aria-hidden="true"
                      color="currentColor"
                      noVerticalAlign={false}
                      size="sm"
                      title={null}
                    >
                      <svg
                        aria-hidden="true"
                        aria-labelledby={null}
                        fill="currentColor"
                        height="1em"
                        role="img"
                        style={
                          Object {
                            "verticalAlign": "-0.125em",
                          }
                        }
                        viewBox="0 0 512 512"
                        width="1em"
                      >
                        <path
                          d="M256 8C119 8 8 119 8 256s111 248 248 248 248-111 248-248S393 8 256 8zm121.6 313.1c4.7 4.7 4.7 12.3 0 17L338 377.6c-4.7 4.7-12.3 4.7-17 0L256 312l-65.1 65.6c-4.7 4.7-12.3 4.7-17 0L134.4 338c-4.7-4.7-4.7-12.3 0-17l65.6-65-65.6-65.1c-4.7-4.7-4.7-12.3 0-17l39.6-39.6c4.7-4.7 12.3-4.7 17 0l65 65.7 65.1-65.6c4.7-4.7 12.3-4.7 17 0l39.6 39.6c4.7 4.7 4.7 12.3 0 17L312 256l65.6 65.1z"
                          transform=""
                        />
                      </svg>
                    </TimesCircleIcon>
                  </button>
                </Button>
              </ComponentWithOuia>
            </Component>
          </Component>
        </div>
      </GenerateId>
    </Chip>
  </ComponentWithOuia>
</Component>
`;

exports[`Chip closable with tooltip 1`] = `
<Component
  className="my-chp-cls"
  id="chip_one"
>
  <ComponentWithOuia
    component={[Function]}
    componentProps={
      Object {
        "children": "1234567890123456789",
        "className": "my-chp-cls",
        "id": "chip_one",
      }
    }
    consumerContext={null}
  >
    <Chip
      className="my-chp-cls"
      closeBtnAriaLabel="close"
      component="div"
      id="chip_one"
      isOverflowChip={false}
      isReadOnly={false}
      onClick={[Function]}
      ouiaContext={
        Object {
          "isOuia": false,
          "ouiaId": null,
        }
      }
      tooltipPosition="top"
    >
      <GenerateId
        prefix="pf-random-id-"
      >
        <div
          className="pf-c-chip my-chp-cls"
        >
          <span
            className="pf-c-chip__text"
            id="pf-random-id-2"
          >
            1234567890123456789
          </span>
          <Component
            aria-labelledby="remove_pf-random-id-2 pf-random-id-2"
            ariaLabel="close"
            id="remove_pf-random-id-2"
            onClick={[Function]}
          >
            <Component
              aria-label="close"
              aria-labelledby="remove_pf-random-id-2 pf-random-id-2"
              className=""
              id="remove_pf-random-id-2"
              onClick={[Function]}
              variant="plain"
            >
              <ComponentWithOuia
                component={[Function]}
                componentProps={
                  Object {
                    "aria-label": "close",
                    "aria-labelledby": "remove_pf-random-id-2 pf-random-id-2",
                    "children": <TimesCircleIcon
                      aria-hidden="true"
                      color="currentColor"
                      noVerticalAlign={false}
                      size="sm"
                      title={null}
                    />,
                    "className": "",
                    "id": "remove_pf-random-id-2",
                    "onClick": [Function],
                    "variant": "plain",
                  }
                }
                consumerContext={
                  Object {
                    "isOuia": false,
                    "ouiaId": null,
                  }
                }
              >
                <Button
                  aria-label="close"
                  aria-labelledby="remove_pf-random-id-2 pf-random-id-2"
                  className=""
                  id="remove_pf-random-id-2"
                  onClick={[Function]}
                  ouiaContext={
                    Object {
                      "isOuia": false,
                      "ouiaId": null,
                    }
                  }
                  variant="plain"
                >
                  <button
                    aria-disabled={null}
                    aria-label="close"
                    aria-labelledby="remove_pf-random-id-2 pf-random-id-2"
                    className="pf-c-button pf-m-plain"
                    disabled={false}
                    id="remove_pf-random-id-2"
                    onClick={[Function]}
                    tabIndex={null}
                    type="button"
                  >
                    <TimesCircleIcon
                      aria-hidden="true"
                      color="currentColor"
                      noVerticalAlign={false}
                      size="sm"
                      title={null}
                    >
                      <svg
                        aria-hidden="true"
                        aria-labelledby={null}
                        fill="currentColor"
                        height="1em"
                        role="img"
                        style={
                          Object {
                            "verticalAlign": "-0.125em",
                          }
                        }
                        viewBox="0 0 512 512"
                        width="1em"
                      >
                        <path
                          d="M256 8C119 8 8 119 8 256s111 248 248 248 248-111 248-248S393 8 256 8zm121.6 313.1c4.7 4.7 4.7 12.3 0 17L338 377.6c-4.7 4.7-12.3 4.7-17 0L256 312l-65.1 65.6c-4.7 4.7-12.3 4.7-17 0L134.4 338c-4.7-4.7-4.7-12.3 0-17l65.6-65-65.6-65.1c-4.7-4.7-4.7-12.3 0-17l39.6-39.6c4.7-4.7 12.3-4.7 17 0l65 65.7 65.1-65.6c4.7-4.7 12.3-4.7 17 0l39.6 39.6c4.7 4.7 4.7 12.3 0 17L312 256l65.6 65.1z"
                          transform=""
                        />
                      </svg>
                    </TimesCircleIcon>
                  </button>
                </Button>
              </ComponentWithOuia>
            </Component>
          </Component>
        </div>
      </GenerateId>
    </Chip>
  </ComponentWithOuia>
</Component>
`;

exports[`Chip overflow 1`] = `
<Component
  className="my-chp-cls"
  isOverflowChip={true}
>
  <ComponentWithOuia
    component={[Function]}
    componentProps={
      Object {
        "children": "4 more",
        "className": "my-chp-cls",
        "isOverflowChip": true,
      }
    }
    consumerContext={null}
  >
    <Chip
      className="my-chp-cls"
      closeBtnAriaLabel="close"
      component="div"
      isOverflowChip={true}
      isReadOnly={false}
      onClick={[Function]}
      ouiaContext={
        Object {
          "isOuia": false,
          "ouiaId": null,
        }
      }
      tooltipPosition="top"
    >
      <GenerateId
        prefix="pf-random-id-"
      >
        <div
          className="pf-c-chip pf-m-overflow my-chp-cls"
        >
          <Component
            onClick={[Function]}
          >
            <Component
              aria-label="close"
              className=""
              onClick={[Function]}
              variant="plain"
            >
              <ComponentWithOuia
                component={[Function]}
                componentProps={
                  Object {
                    "aria-label": "close",
                    "children": <span
                      className="pf-c-chip__text"
                    >
                      4 more
                    </span>,
                    "className": "",
                    "onClick": [Function],
                    "variant": "plain",
                  }
                }
                consumerContext={
                  Object {
                    "isOuia": false,
                    "ouiaId": null,
                  }
                }
              >
                <Button
                  aria-label="close"
                  className=""
                  onClick={[Function]}
                  ouiaContext={
                    Object {
                      "isOuia": false,
                      "ouiaId": null,
                    }
                  }
                  variant="plain"
                >
                  <button
                    aria-disabled={null}
                    aria-label="close"
                    className="pf-c-button pf-m-plain"
                    disabled={false}
                    onClick={[Function]}
                    tabIndex={null}
                    type="button"
                  >
                    <span
                      className="pf-c-chip__text"
                    >
                      4 more
                    </span>
                  </button>
                </Button>
              </ComponentWithOuia>
            </Component>
          </Component>
        </div>
      </GenerateId>
    </Chip>
  </ComponentWithOuia>
</Component>
`;

exports[`Chip readonly 1`] = `
<Component
  className="my-chp-cls"
  isReadOnly={true}
>
  <ComponentWithOuia
    component={[Function]}
    componentProps={
      Object {
        "children": "4 more",
        "className": "my-chp-cls",
        "isReadOnly": true,
      }
    }
    consumerContext={null}
  >
    <Chip
      className="my-chp-cls"
      closeBtnAriaLabel="close"
      component="div"
      isOverflowChip={false}
      isReadOnly={true}
      onClick={[Function]}
      ouiaContext={
        Object {
          "isOuia": false,
          "ouiaId": null,
        }
      }
      tooltipPosition="top"
    >
      <GenerateId
        prefix="pf-random-id-"
      >
        <div
          className="pf-c-chip pf-m-read-only my-chp-cls"
        >
          <span
            className="pf-c-chip__text"
            id="pf-random-id-3"
          >
            4 more
          </span>
        </div>
      </GenerateId>
    </Chip>
  </ComponentWithOuia>
</Component>
`;

exports[`ChipButton 1`] = `
<Component
  className="chip-bttn-cls"
  id="my-chip-button"
>
  <Component
    aria-label="close"
    className="chip-bttn-cls"
    id="my-chip-button"
    onClick={[Function]}
    variant="plain"
  >
    <ComponentWithOuia
      component={[Function]}
      componentProps={
        Object {
          "aria-label": "close",
          "children": <b>
            Close
          </b>,
          "className": "chip-bttn-cls",
          "id": "my-chip-button",
          "onClick": [Function],
          "variant": "plain",
        }
      }
      consumerContext={null}
    >
      <Button
        aria-label="close"
        className="chip-bttn-cls"
        id="my-chip-button"
        onClick={[Function]}
        ouiaContext={
          Object {
            "isOuia": false,
            "ouiaId": null,
          }
        }
        variant="plain"
      >
        <button
          aria-disabled={null}
          aria-label="close"
          className="pf-c-button pf-m-plain chip-bttn-cls"
          disabled={false}
          id="my-chip-button"
          onClick={[Function]}
          tabIndex={null}
          type="button"
        >
          <b>
            Close
          </b>
        </button>
      </Button>
    </ComponentWithOuia>
  </Component>
</Component>
`;
