// Jest Snapshot v1, https://goo.gl/fbAQLP

exports[`Renders to match snapshot 1`] = `
<DocumentFragment>
  <section
    aria-label="Primary Content Details"
    class="pf-v5-c-data-list__expandable-content"
    id=""
  >
    <div
      class="pf-v5-c-data-list__expandable-content-body"
    >
       test
    </div>
  </section>
</DocumentFragment>
`;
