// Jest Snapshot v1, https://goo.gl/fbAQLP

exports[`forwards only valid props to the root element: props are forwarded to root element 1`] = `
<div
  className="dropdown-menu infotip bottom-right"
  id="id"
  style={
    Object {
      "padding": "",
    }
  }
>
  <div
    className="arrow"
  />
  children
</div>
`;
