// Jest Snapshot v1, https://goo.gl/fbAQLP

exports[`PopoverDialog should match snapshot (auto-generated) 1`] = `
<div
  aria-modal="true"
  className="pf-c-popover pf-m-top null"
  role="dialog"
>
  ReactNode
</div>
`;
