// Jest Snapshot v1, https://goo.gl/fbAQLP

exports[`matches snapshot 1`] = `
<DocumentFragment>
  <div
    class="custom-class"
    data-testid="menu-item-mock"
  >
    <div>
      Dropdown Item children
    </div>
  </div>
  <p>
    description: Test description
  </p>
  <p>
    itemId: undefined
  </p>
</DocumentFragment>
`;
