// Jest Snapshot v1, https://goo.gl/fbAQLP

exports[`TextContent should match snapshot (auto-generated) 1`] = `
<div
  className="pf-c-content ''"
>
  ReactNode
</div>
`;
