// Jest Snapshot v1, https://goo.gl/fbAQLP

exports[`OptionsMenuSeparator should match snapshot (auto-generated) 1`] = `
<DocumentFragment>
  <li
    class="pf-v5-c-divider ''"
    role="separator"
  />
</DocumentFragment>
`;
