// Jest Snapshot v1, https://goo.gl/fbAQLP

exports[`ExpandableSection should match snapshot (auto-generated) 1`] = `
<div
  className="pf-c-expandable-section pf-m-expanded ''"
>
  <button
    aria-expanded={true}
    className="pf-c-expandable-section__toggle"
    onClick={[Function]}
    type="button"
  >
    <span
      className="pf-c-expandable-section__toggle-icon"
    >
      <AngleRightIcon
        aria-hidden={true}
        color="currentColor"
        noVerticalAlign={false}
        size="sm"
      />
    </span>
    <span
      className="pf-c-expandable-section__toggle-text"
    >
      ''
    </span>
  </button>
  <div
    className="pf-c-expandable-section__content"
    hidden={false}
  >
    <div>
      ReactNode
    </div>
  </div>
</div>
`;
